
PLAY [Synthetic verifier dataflow uninstalled_route] ***************************

TASK [Validate the source of truth] ********************************************
ok: [spine1] => {
    "changed": false,
    "msg": "All assertions passed"
}

TASK [Derive intent including all remote nodes before any loop] ****************
ok: [spine1]

TASK [Wait for exact unfiltered peer set, state and remote ASNs] ***************
ok: [spine1]

TASK [Read running configuration] **********************************************
ok: [spine1]

TASK [Compare interface-scoped addresses and BGP configuration] ****************
ok: [spine1] => {
    "changed": false,
    "msg": "All assertions passed"
}

TASK [Verify each modeled remote prefix] ***************************************
included: /workspace/scratch/dd1ed62d0423/repo/cheatsheets/ex457/v5/.state/dataflow-xuw6q_lh/verify_remote.yml for spine1 => (item={'name': 'leaf1', 'loopback': '10.255.1.1/32'})
included: /workspace/scratch/dd1ed62d0423/repo/cheatsheets/ex457/v5/.state/dataflow-xuw6q_lh/verify_remote.yml for spine1 => (item={'name': 'leaf2', 'loopback': '10.255.1.2/32'})
included: /workspace/scratch/dd1ed62d0423/repo/cheatsheets/ex457/v5/.state/dataflow-xuw6q_lh/verify_remote.yml for spine1 => (item={'name': 'spine2', 'loopback': '10.255.0.2/32'})

TASK [Read BGP path for exact remote prefix] ***********************************
ok: [spine1]

TASK [Require valid best BGP path through a modeled peer] **********************
ok: [spine1] => {
    "changed": false,
    "msg": "All assertions passed"
}

TASK [Read Zebra route for exact remote prefix] ********************************
ok: [spine1]

TASK [Require selected installed BGP route with a FIB nexthop] *****************
[ERROR]: Task failed: The filter plugin 'fabric_rib_ok' failed: no selected installed BGP route with active FIB nexthop

Task failed.
Origin: /workspace/scratch/dd1ed62d0423/repo/cheatsheets/ex457/v5/.state/dataflow-xuw6q_lh/verify_remote.yml:24:3

22     - show ip route {{ remote_node.loopback }} json
23     - uninstalled_route
24 - name: Require selected installed BGP route with a FIB nexthop
     ^ column 3

<<< caused by >>>

The filter plugin 'fabric_rib_ok' failed: no selected installed BGP route with active FIB nexthop
Origin: /workspace/scratch/dd1ed62d0423/repo/cheatsheets/ex457/v5/.state/dataflow-xuw6q_lh/verify_remote.yml:26:11

24 - name: Require selected installed BGP route with a FIB nexthop
25   ansible.builtin.assert:
26     that: zebra_route.stdout | fabric_rib_ok(remote_node.loopback, fabric_intent)
             ^ column 11

fatal: [spine1]: FAILED! => {"changed": false, "msg": "Task failed: The filter plugin 'fabric_rib_ok' failed: no selected installed BGP route with active FIB nexthop"}

PLAY RECAP *********************************************************************
spine1                     : ok=11   changed=0    unreachable=0    failed=1    skipped=0    rescued=0    ignored=0   

