---
- choices: []
  cli_parameters:
    long: --ansible-runner-artifact-dir
    short: --rad
  current_settings_file: /workspace/scratch/dd1ed62d0423/repo/cheatsheets/ex457/v5/ansible-navigator.yml
  current_value: Not set
  default: true
  default_value: Not set
  description: The directory path to store artifacts generated by ansible-runner
  env_var: ANSIBLE_NAVIGATOR_ANSIBLE_RUNNER_ARTIFACT_DIR
  name: Ansible runner artifact dir
  settings_file_sample:
    ansible-navigator:
      ansible-runner:
        artifact-dir: <------
  source: Not set
  subcommands:
  - builder
  - collections
  - config
  - doc
  - exec
  - images
  - inventory
  - lint
  - replay
  - run
  - settings
  - welcome
  version_added: v1.0
- choices: []
  cli_parameters:
    long: --ansible-runner-rotate-artifacts-count
    short: --rac
  current_settings_file: /workspace/scratch/dd1ed62d0423/repo/cheatsheets/ex457/v5/ansible-navigator.yml
  current_value: Not set
  default: true
  default_value: Not set
  description: Keep ansible-runner artifact directories, for last n runs, if set to
    0 artifact directories won't be deleted
  env_var: ANSIBLE_NAVIGATOR_ANSIBLE_RUNNER_ROTATE_ARTIFACTS_COUNT
  name: Ansible runner rotate artifacts count
  settings_file_sample:
    ansible-navigator:
      ansible-runner:
        rotate-artifacts-count: <------
  source: Not set
  subcommands:
  - builder
  - collections
  - config
  - doc
  - exec
  - images
  - inventory
  - lint
  - replay
  - run
  - settings
  - welcome
  version_added: v1.0
- choices: []
  cli_parameters:
    long: --ansible-runner-timeout
    short: --rt
  current_settings_file: /workspace/scratch/dd1ed62d0423/repo/cheatsheets/ex457/v5/ansible-navigator.yml
  current_value: Not set
  default: true
  default_value: Not set
  description: The timeout value after which ansible-runner will forcefully stop the
    execution
  env_var: ANSIBLE_NAVIGATOR_ANSIBLE_RUNNER_TIMEOUT
  name: Ansible runner timeout
  settings_file_sample:
    ansible-navigator:
      ansible-runner:
        timeout: <------
  source: Not set
  subcommands:
  - builder
  - collections
  - config
  - doc
  - exec
  - images
  - inventory
  - lint
  - replay
  - run
  - settings
  - welcome
  version_added: v1.0
- choices:
  - true
  - false
  cli_parameters:
    long: --ansible-runner-write-job-events
    short: --rwje
  current_settings_file: /workspace/scratch/dd1ed62d0423/repo/cheatsheets/ex457/v5/ansible-navigator.yml
  current_value: false
  default: true
  default_value: false
  description: Write ansible-runner job_events in the artifact directory
  env_var: ANSIBLE_NAVIGATOR_ANSIBLE_RUNNER_WRITE_JOB_EVENTS
  name: Ansible runner write job events
  settings_file_sample:
    ansible-navigator:
      ansible-runner:
        job-events: <------
  source: Defaults
  subcommands:
  - builder
  - collections
  - config
  - doc
  - exec
  - images
  - inventory
  - lint
  - replay
  - run
  - settings
  - welcome
  version_added: v2.3
- choices:
  - builder
  - collections
  - config
  - doc
  - exec
  - images
  - inventory
  - lint
  - replay
  - run
  - settings
  - welcome
  cli_parameters:
    long: No long CLI parameter
    short: No short CLI parameter
  current_settings_file: /workspace/scratch/dd1ed62d0423/repo/cheatsheets/ex457/v5/ansible-navigator.yml
  current_value: settings
  default: false
  default_value: welcome
  description: Subcommands
  env_var: ANSIBLE_NAVIGATOR_APP
  name: App
  settings_file_sample:
    ansible-navigator:
      app: <------
  source: Command line
  subcommands:
  - builder
  - collections
  - config
  - doc
  - exec
  - images
  - inventory
  - lint
  - replay
  - run
  - settings
  - welcome
  version_added: v1.0
- choices: []
  cli_parameters:
    long: No long CLI parameter
    short: No short CLI parameter
  current_settings_file: /workspace/scratch/dd1ed62d0423/repo/cheatsheets/ex457/v5/ansible-navigator.yml
  current_value: Not set
  default: true
  default_value: Not set
  description: Extra parameters passed to the underlying ansible command (e.g. ansible-playbook,
    ansible-doc, etc)
  env_var: ANSIBLE_NAVIGATOR_CMDLINE
  name: Cmdline
  settings_file_sample:
    ansible-navigator:
      ansible:
        cmdline: <------
  source: Not set
  subcommands:
  - builder
  - collections
  - config
  - doc
  - exec
  - images
  - inventory
  - lint
  - replay
  - run
  - settings
  - welcome
  version_added: v1.0
- choices: []
  cli_parameters:
    long: --collection-doc-cache-path
    short: --cdcp
  current_settings_file: /workspace/scratch/dd1ed62d0423/repo/cheatsheets/ex457/v5/ansible-navigator.yml
  current_value: /root/.cache/ansible-navigator/collection_doc_cache.db
  default: true
  default_value: /root/.cache/ansible-navigator/collection_doc_cache.db
  description: The path to collection doc cache
  env_var: ANSIBLE_NAVIGATOR_COLLECTION_DOC_CACHE_PATH
  name: Collection doc cache path
  settings_file_sample:
    ansible-navigator:
      collection-doc-cache-path: <------
  source: Defaults
  subcommands:
  - builder
  - collections
  - config
  - doc
  - exec
  - images
  - inventory
  - lint
  - replay
  - run
  - settings
  - welcome
  version_added: v1.0
- choices: []
  cli_parameters:
    long: --config
    short: -c
  current_settings_file: /workspace/scratch/dd1ed62d0423/repo/cheatsheets/ex457/v5/ansible-navigator.yml
  current_value: Not set
  default: true
  default_value: Not set
  description: Specify the path to the ansible configuration file
  env_var: ANSIBLE_CONFIG
  name: Config
  settings_file_sample:
    ansible-navigator:
      ansible:
        config:
          path: <------
  source: Not set
  subcommands:
  - config
  version_added: v1.0
- choices:
  - auto
  - podman
  - docker
  cli_parameters:
    long: --container-engine
    short: --ce
  current_settings_file: /workspace/scratch/dd1ed62d0423/repo/cheatsheets/ex457/v5/ansible-navigator.yml
  current_value: auto
  default: true
  default_value: auto
  description: Specify the container engine (auto=podman then docker)
  env_var: ANSIBLE_NAVIGATOR_CONTAINER_ENGINE
  name: Container engine
  settings_file_sample:
    ansible-navigator:
      execution-environment:
        container-engine: <------
  source: Defaults
  subcommands:
  - builder
  - collections
  - config
  - doc
  - exec
  - images
  - inventory
  - lint
  - replay
  - run
  - settings
  - welcome
  version_added: v1.0
- choices: []
  cli_parameters:
    long: --container-options
    short: --co
  current_settings_file: /workspace/scratch/dd1ed62d0423/repo/cheatsheets/ex457/v5/ansible-navigator.yml
  current_value: Not set
  default: true
  default_value: Not set
  description: Extra parameters passed to the container engine command
  env_var: ANSIBLE_NAVIGATOR_CONTAINER_OPTIONS
  name: Container options
  settings_file_sample:
    ansible-navigator:
      execution-environment:
        container-options: <------
  source: Not set
  subcommands:
  - builder
  - collections
  - config
  - doc
  - exec
  - images
  - inventory
  - lint
  - replay
  - run
  - settings
  - welcome
  version_added: v2.0
- choices: []
  cli_parameters:
    long: No long CLI parameter
    short: No short CLI parameter
  current_settings_file: /workspace/scratch/dd1ed62d0423/repo/cheatsheets/ex457/v5/ansible-navigator.yml
  current_value: /workspace/scratch/dd1ed62d0423/repo/cheatsheets/ex457/v5/ansible-navigator.yml
  default: false
  default_value: None
  description: The path to the current settings file. Possible locations are {CWD}/ansible-navigator.{ext}
    or {HOME}/.ansible-navigator.{ext} where ext is yml, yaml or json.
  env_var: ANSIBLE-NAVIGATOR_CONFIG
  name: Current settings file
  settings_file_sample: Not applicable
  source: Search path
  subcommands:
  - builder
  - collections
  - config
  - doc
  - exec
  - images
  - inventory
  - lint
  - replay
  - run
  - settings
  - welcome
  version_added: v1.0
- choices:
  - true
  - false
  cli_parameters:
    long: --display-color
    short: --dc
  current_settings_file: /workspace/scratch/dd1ed62d0423/repo/cheatsheets/ex457/v5/ansible-navigator.yml
  current_value: false
  default: false
  default_value: true
  description: Enable the use of color for mode interactive and stdout
  env_var: NO_COLOR
  name: Display color
  settings_file_sample:
    ansible-navigator:
      color:
        enable: <------
  source: Environment variable
  subcommands:
  - builder
  - collections
  - config
  - doc
  - exec
  - images
  - inventory
  - lint
  - replay
  - run
  - settings
  - welcome
  version_added: v1.0
- choices: []
  cli_parameters:
    long: --editor-command
    short: --ecmd
  current_settings_file: /workspace/scratch/dd1ed62d0423/repo/cheatsheets/ex457/v5/ansible-navigator.yml
  current_value: vi +{line_number} {filename}
  default: true
  default_value: vi +{line_number} {filename}
  description: Specify the editor command
  env_var: ANSIBLE_NAVIGATOR_EDITOR_COMMAND
  name: Editor command
  settings_file_sample:
    ansible-navigator:
      editor:
        command: <------
  source: Defaults
  subcommands:
  - builder
  - collections
  - config
  - doc
  - exec
  - images
  - inventory
  - lint
  - replay
  - run
  - settings
  - welcome
  version_added: v1.0
- choices:
  - true
  - false
  cli_parameters:
    long: --editor-console
    short: --econ
  current_settings_file: /workspace/scratch/dd1ed62d0423/repo/cheatsheets/ex457/v5/ansible-navigator.yml
  current_value: true
  default: true
  default_value: true
  description: Specify if the editor is console based
  env_var: ANSIBLE_NAVIGATOR_EDITOR_CONSOLE
  name: Editor console
  settings_file_sample:
    ansible-navigator:
      editor:
        console: <------
  source: Defaults
  subcommands:
  - builder
  - collections
  - config
  - doc
  - exec
  - images
  - inventory
  - lint
  - replay
  - run
  - settings
  - welcome
  version_added: v1.0
- choices:
  - true
  - false
  cli_parameters:
    long: --enable-prompts
    short: --ep
  current_settings_file: /workspace/scratch/dd1ed62d0423/repo/cheatsheets/ex457/v5/ansible-navigator.yml
  current_value: false
  default: true
  default_value: false
  description: Enable prompts for password and in playbooks. This will set mode to
    stdout and disable playbook artifact creation
  env_var: ANSIBLE_NAVIGATOR_ENABLE_PROMPTS
  name: Enable prompts
  settings_file_sample:
    ansible-navigator:
      enable-prompts: <------
  source: Defaults
  subcommands:
  - run
  version_added: v2.3
- choices: []
  cli_parameters:
    long: --exec-command
    short: No short CLI parameter
  current_settings_file: /workspace/scratch/dd1ed62d0423/repo/cheatsheets/ex457/v5/ansible-navigator.yml
  current_value: /bin/bash
  default: true
  default_value: /bin/bash
  description: Specify the command to run within the execution environment
  env_var: ANSIBLE_NAVIGATOR_EXEC_COMMAND
  name: Exec command
  settings_file_sample:
    ansible-navigator:
      exec:
        command: <------
  source: Defaults
  subcommands:
  - exec
  version_added: v2.0
- choices:
  - true
  - false
  cli_parameters:
    long: --exec-shell
    short: --exshell
  current_settings_file: /workspace/scratch/dd1ed62d0423/repo/cheatsheets/ex457/v5/ansible-navigator.yml
  current_value: true
  default: true
  default_value: true
  description: Specify the exec command should be run in a shell
  env_var: ANSIBLE_NAVIGATOR_EXEC_SHELL
  name: Exec shell
  settings_file_sample:
    ansible-navigator:
      exec:
        shell: <------
  source: Defaults
  subcommands:
  - exec
  version_added: v2.0
- choices:
  - true
  - false
  cli_parameters:
    long: --execution-environment
    short: --ee
  current_settings_file: /workspace/scratch/dd1ed62d0423/repo/cheatsheets/ex457/v5/ansible-navigator.yml
  current_value: false
  default: false
  default_value: true
  description: Enable or disable the use of an execution environment
  env_var: ANSIBLE_NAVIGATOR_EXECUTION_ENVIRONMENT
  name: Execution environment
  settings_file_sample:
    ansible-navigator:
      execution-environment:
        enabled: <------
  source: Settings file
  subcommands:
  - builder
  - collections
  - config
  - doc
  - exec
  - images
  - inventory
  - lint
  - replay
  - run
  - settings
  - welcome
  version_added: v1.0
- choices: []
  cli_parameters:
    long: --execution-environment-image
    short: --eei
  current_settings_file: /workspace/scratch/dd1ed62d0423/repo/cheatsheets/ex457/v5/ansible-navigator.yml
  current_value: ghcr.io/ansible/community-ansible-dev-tools:latest
  default: true
  default_value: ghcr.io/ansible/community-ansible-dev-tools:latest
  description: Specify the name of the execution environment image
  env_var: ANSIBLE_NAVIGATOR_EXECUTION_ENVIRONMENT_IMAGE
  name: Execution environment image
  settings_file_sample:
    ansible-navigator:
      execution-environment:
        image: <------
  source: Defaults
  subcommands:
  - builder
  - collections
  - config
  - doc
  - exec
  - images
  - inventory
  - lint
  - replay
  - run
  - settings
  - welcome
  version_added: v1.0
- choices: []
  cli_parameters:
    long: --execution-environment-volume-mounts
    short: --eev
  current_settings_file: /workspace/scratch/dd1ed62d0423/repo/cheatsheets/ex457/v5/ansible-navigator.yml
  current_value: Not set
  default: true
  default_value: Not set
  description: Specify volume to be bind mounted within an execution environment (--eev
    /home/user/test:/home/user/test:Z)
  env_var: ANSIBLE_NAVIGATOR_EXECUTION_ENVIRONMENT_VOLUME_MOUNTS
  name: Execution environment volume mounts
  settings_file_sample:
    ansible-navigator:
      execution-environment:
        volume-mounts: <------
  source: Not set
  subcommands:
  - builder
  - collections
  - config
  - doc
  - exec
  - images
  - inventory
  - lint
  - replay
  - run
  - settings
  - welcome
  version_added: v1.0
- choices:
  - json
  - yaml
  cli_parameters:
    long: --format
    short: --fmt
  current_settings_file: /workspace/scratch/dd1ed62d0423/repo/cheatsheets/ex457/v5/ansible-navigator.yml
  current_value: yaml
  default: true
  default_value: yaml
  description: Specify the format for stdout output.
  env_var: ANSIBLE_NAVIGATOR_FORMAT
  name: Format
  settings_file_sample:
    ansible-navigator:
      format: <------
  source: Defaults
  subcommands:
  - collections
  - images
  version_added: v2.3
- choices:
  - true
  - false
  cli_parameters:
    long: --help-builder
    short: --hb
  current_settings_file: /workspace/scratch/dd1ed62d0423/repo/cheatsheets/ex457/v5/ansible-navigator.yml
  current_value: false
  default: true
  default_value: false
  description: Help options for ansible-builder command in stdout mode
  env_var: ANSIBLE_NAVIGATOR_HELP_BUILDER
  name: Help builder
  settings_file_sample:
    ansible-navigator:
      ansible-builder:
        help: <------
  source: Defaults
  subcommands:
  - builder
  version_added: v2.0
- choices:
  - true
  - false
  cli_parameters:
    long: --help-config
    short: --hc
  current_settings_file: /workspace/scratch/dd1ed62d0423/repo/cheatsheets/ex457/v5/ansible-navigator.yml
  current_value: false
  default: true
  default_value: false
  description: Help options for ansible-config command in stdout mode
  env_var: ANSIBLE_NAVIGATOR_HELP_CONFIG
  name: Help config
  settings_file_sample:
    ansible-navigator:
      ansible:
        config:
          help: <------
  source: Defaults
  subcommands:
  - config
  version_added: v1.0
- choices:
  - true
  - false
  cli_parameters:
    long: --help-doc
    short: --hd
  current_settings_file: /workspace/scratch/dd1ed62d0423/repo/cheatsheets/ex457/v5/ansible-navigator.yml
  current_value: false
  default: true
  default_value: false
  description: Help options for ansible-doc command in stdout mode
  env_var: ANSIBLE_NAVIGATOR_HELP_DOC
  name: Help doc
  settings_file_sample:
    ansible-navigator:
      ansible:
        doc:
          help: <------
  source: Defaults
  subcommands:
  - doc
  version_added: v1.0
- choices:
  - true
  - false
  cli_parameters:
    long: --help-inventory
    short: --hi
  current_settings_file: /workspace/scratch/dd1ed62d0423/repo/cheatsheets/ex457/v5/ansible-navigator.yml
  current_value: false
  default: true
  default_value: false
  description: Help options for ansible-inventory command in stdout mode
  env_var: ANSIBLE_NAVIGATOR_HELP_INVENTORY
  name: Help inventory
  settings_file_sample:
    ansible-navigator:
      ansible:
        inventory:
          help: <------
  source: Defaults
  subcommands:
  - inventory
  version_added: v1.0
- choices:
  - true
  - false
  cli_parameters:
    long: --help-playbook
    short: --hp
  current_settings_file: /workspace/scratch/dd1ed62d0423/repo/cheatsheets/ex457/v5/ansible-navigator.yml
  current_value: false
  default: true
  default_value: false
  description: Help options for ansible-playbook command in stdout mode
  env_var: ANSIBLE_NAVIGATOR_HELP_PLAYBOOK
  name: Help playbook
  settings_file_sample:
    ansible-navigator:
      ansible:
        playbook:
          help: <------
  source: Defaults
  subcommands:
  - run
  version_added: v1.0
- choices:
  - ansible_collections
  - ansible_version
  - everything
  - os_release
  - python_packages
  - python_version
  - redhat_release
  - system_packages
  cli_parameters:
    long: --details
    short: -d
  current_settings_file: /workspace/scratch/dd1ed62d0423/repo/cheatsheets/ex457/v5/ansible-navigator.yml
  current_value:
  - everything
  default: true
  default_value:
  - everything
  description: Provide detailed information about the selected execution environment
    image
  env_var: ANSIBLE_NAVIGATOR_IMAGES_DETAILS
  name: Images details
  settings_file_sample:
    ansible-navigator:
      images:
        details: <------
  source: Defaults
  subcommands:
  - images
  version_added: v2.0
- choices: []
  cli_parameters:
    long: --inventory
    short: -i
  current_settings_file: /workspace/scratch/dd1ed62d0423/repo/cheatsheets/ex457/v5/ansible-navigator.yml
  current_value:
  - /workspace/scratch/dd1ed62d0423/repo/cheatsheets/ex457/v5/inventory/network.yml
  default: false
  default_value: Not set
  description: Specify an inventory file path or comma separated host list
  env_var: ANSIBLE_INVENTORY
  name: Inventory
  settings_file_sample:
    ansible-navigator:
      ansible:
        inventory:
          entries: <------
  source: Ansible configuration file
  subcommands:
  - inventory
  - run
  version_added: v1.0
- choices: []
  cli_parameters:
    long: --inventory-column
    short: --ic
  current_settings_file: /workspace/scratch/dd1ed62d0423/repo/cheatsheets/ex457/v5/ansible-navigator.yml
  current_value: Not set
  default: true
  default_value: Not set
  description: Specify a host attribute to show in the inventory view
  env_var: ANSIBLE_NAVIGATOR_INVENTORY_COLUMNS
  name: Inventory column
  settings_file_sample:
    ansible-navigator:
      inventory-columns: <------
  source: Not set
  subcommands:
  - inventory
  - run
  version_added: v1.0
- choices: []
  cli_parameters:
    long: --lint-config
    short: --lic
  current_settings_file: /workspace/scratch/dd1ed62d0423/repo/cheatsheets/ex457/v5/ansible-navigator.yml
  current_value: Not set
  default: true
  default_value: Not set
  description: Specify the path to the ansible-lint configuration file
  env_var: ANSIBLE_LINT_CONFIG
  name: Lint config
  settings_file_sample:
    ansible-navigator:
      ansible-lint:
        config: <------
  source: Not set
  subcommands:
  - lint
  version_added: v2.0
- choices: []
  cli_parameters:
    long: --lintables
    short: No short CLI parameter
  current_settings_file: /workspace/scratch/dd1ed62d0423/repo/cheatsheets/ex457/v5/ansible-navigator.yml
  current_value: Not set
  default: true
  default_value: Not set
  description: Path to files on which to run ansible-lint
  env_var: ANSIBLE_NAVIGATOR_LINTABLES
  name: Lintables
  settings_file_sample:
    ansible-navigator:
      ansible-lint:
        lintables: <------
  source: Not set
  subcommands:
  - lint
  version_added: v2.0
- choices:
  - true
  - false
  cli_parameters:
    long: --log-append
    short: --la
  current_settings_file: /workspace/scratch/dd1ed62d0423/repo/cheatsheets/ex457/v5/ansible-navigator.yml
  current_value: true
  default: true
  default_value: true
  description: Specify if log messages should be appended to an existing log file,
    otherwise a new log file will be created per session
  env_var: ANSIBLE_NAVIGATOR_LOG_APPEND
  name: Log append
  settings_file_sample:
    ansible-navigator:
      logging:
        append: <------
  source: Defaults
  subcommands:
  - builder
  - collections
  - config
  - doc
  - exec
  - images
  - inventory
  - lint
  - replay
  - run
  - settings
  - welcome
  version_added: v1.0
- choices: []
  cli_parameters:
    long: --log-file
    short: --lf
  current_settings_file: /workspace/scratch/dd1ed62d0423/repo/cheatsheets/ex457/v5/ansible-navigator.yml
  current_value: /workspace/scratch/dd1ed62d0423/repo/cheatsheets/ex457/v5/ansible-navigator.log
  default: true
  default_value: /workspace/scratch/dd1ed62d0423/repo/cheatsheets/ex457/v5/ansible-navigator.log
  description: Specify the full path for the ansible-navigator log file
  env_var: ANSIBLE_NAVIGATOR_LOG_FILE
  name: Log file
  settings_file_sample:
    ansible-navigator:
      logging:
        file: <------
  source: Defaults
  subcommands:
  - builder
  - collections
  - config
  - doc
  - exec
  - images
  - inventory
  - lint
  - replay
  - run
  - settings
  - welcome
  version_added: v1.0
- choices:
  - debug
  - info
  - warning
  - error
  - critical
  cli_parameters:
    long: --log-level
    short: --ll
  current_settings_file: /workspace/scratch/dd1ed62d0423/repo/cheatsheets/ex457/v5/ansible-navigator.yml
  current_value: warning
  default: true
  default_value: warning
  description: Specify the ansible-navigator log level
  env_var: ANSIBLE_NAVIGATOR_LOG_LEVEL
  name: Log level
  settings_file_sample:
    ansible-navigator:
      logging:
        level: <------
  source: Defaults
  subcommands:
  - builder
  - collections
  - config
  - doc
  - exec
  - images
  - inventory
  - lint
  - replay
  - run
  - settings
  - welcome
  version_added: v1.0
- choices:
  - stdout
  - interactive
  cli_parameters:
    long: --mode
    short: -m
  current_settings_file: /workspace/scratch/dd1ed62d0423/repo/cheatsheets/ex457/v5/ansible-navigator.yml
  current_value: stdout
  default: false
  default_value: interactive
  description: Specify the user-interface mode
  env_var: ANSIBLE_NAVIGATOR_MODE
  name: Mode
  settings_file_sample:
    ansible-navigator:
      mode: <------
  source: Command line
  subcommands:
  - builder
  - collections
  - config
  - doc
  - exec
  - images
  - inventory
  - lint
  - replay
  - run
  - settings
  - welcome
  version_added: v1.0
- choices:
  - true
  - false
  cli_parameters:
    long: --osc4
    short: --osc4
  current_settings_file: /workspace/scratch/dd1ed62d0423/repo/cheatsheets/ex457/v5/ansible-navigator.yml
  current_value: true
  default: true
  default_value: true
  description: Enable or disable terminal color changing support with OSC 4
  env_var: ANSIBLE_NAVIGATOR_OSC4
  name: Osc4
  settings_file_sample:
    ansible-navigator:
      color:
        osc4: <------
  source: Defaults
  subcommands:
  - builder
  - collections
  - config
  - doc
  - exec
  - images
  - inventory
  - lint
  - replay
  - run
  - settings
  - welcome
  version_added: v1.0
- choices: []
  cli_parameters:
    long: --pass-environment-variable
    short: --penv
  current_settings_file: /workspace/scratch/dd1ed62d0423/repo/cheatsheets/ex457/v5/ansible-navigator.yml
  current_value: Not set
  default: true
  default_value: Not set
  description: Specify an existing environment variable to be passed through to and
    set within the execution environment (--penv MY_VAR)
  env_var: ANSIBLE_NAVIGATOR_PASS_ENVIRONMENT_VARIABLES
  name: Pass environment variable
  settings_file_sample:
    ansible-navigator:
      execution-environment:
        environment-variables:
          pass: <------
  source: Not set
  subcommands:
  - builder
  - collections
  - config
  - doc
  - exec
  - images
  - inventory
  - lint
  - replay
  - run
  - settings
  - welcome
  version_added: v1.0
- choices: []
  cli_parameters:
    long: --playbook
    short: No short CLI parameter
  current_settings_file: /workspace/scratch/dd1ed62d0423/repo/cheatsheets/ex457/v5/ansible-navigator.yml
  current_value: Not set
  default: true
  default_value: Not set
  description: Specify the playbook name
  env_var: ANSIBLE_NAVIGATOR_PLAYBOOK
  name: Playbook
  settings_file_sample:
    ansible-navigator:
      ansible:
        playbook:
          path: <------
  source: Not set
  subcommands:
  - run
  version_added: v1.0
- choices:
  - true
  - false
  cli_parameters:
    long: --playbook-artifact-enable
    short: --pae
  current_settings_file: /workspace/scratch/dd1ed62d0423/repo/cheatsheets/ex457/v5/ansible-navigator.yml
  current_value: false
  default: false
  default_value: true
  description: 'Enable or disable the creation of artifacts for completed playbooks.
    Note: not compatible with ''--mode stdout'' when playbooks require user input'
  env_var: ANSIBLE_NAVIGATOR_PLAYBOOK_ARTIFACT_ENABLE
  name: Playbook artifact enable
  settings_file_sample:
    ansible-navigator:
      playbook-artifact:
        enable: <------
  source: Settings file
  subcommands:
  - run
  version_added: v1.0
- choices: []
  cli_parameters:
    long: --playbook-artifact-replay
    short: No short CLI parameter
  current_settings_file: /workspace/scratch/dd1ed62d0423/repo/cheatsheets/ex457/v5/ansible-navigator.yml
  current_value: Not set
  default: true
  default_value: Not set
  description: Specify the path for the playbook artifact to replay
  env_var: ANSIBLE_NAVIGATOR_PLAYBOOK_ARTIFACT_REPLAY
  name: Playbook artifact replay
  settings_file_sample:
    ansible-navigator:
      playbook-artifact:
        replay: <------
  source: Not set
  subcommands:
  - replay
  version_added: v1.0
- choices: []
  cli_parameters:
    long: --playbook-artifact-save-as
    short: --pas
  current_settings_file: /workspace/scratch/dd1ed62d0423/repo/cheatsheets/ex457/v5/ansible-navigator.yml
  current_value: '{playbook_dir}/{playbook_name}-artifact-{time_stamp}.json'
  default: true
  default_value: '{playbook_dir}/{playbook_name}-artifact-{time_stamp}.json'
  description: 'Specify the name for artifacts created from completed playbooks. The
    following placeholders are available: {playbook_dir}, {playbook_name}, {playbook_status},
    and {time_stamp}'
  env_var: ANSIBLE_NAVIGATOR_PLAYBOOK_ARTIFACT_SAVE_AS
  name: Playbook artifact save as
  settings_file_sample:
    ansible-navigator:
      playbook-artifact:
        save-as: <------
  source: Defaults
  subcommands:
  - run
  version_added: v1.0
- choices: []
  cli_parameters:
    long: --plugin-name
    short: No short CLI parameter
  current_settings_file: /workspace/scratch/dd1ed62d0423/repo/cheatsheets/ex457/v5/ansible-navigator.yml
  current_value: Not set
  default: true
  default_value: Not set
  description: Specify the plugin name
  env_var: ANSIBLE_NAVIGATOR_PLUGIN_NAME
  name: Plugin name
  settings_file_sample:
    ansible-navigator:
      ansible:
        doc:
          plugin:
            name: <------
  source: Not set
  subcommands:
  - doc
  version_added: v1.0
- choices:
  - become
  - cache
  - callback
  - cliconf
  - connection
  - filter
  - httpapi
  - inventory
  - keyword
  - lookup
  - module
  - netconf
  - role
  - shell
  - strategy
  - test
  - vars
  cli_parameters:
    long: --type
    short: -t
  current_settings_file: /workspace/scratch/dd1ed62d0423/repo/cheatsheets/ex457/v5/ansible-navigator.yml
  current_value: module
  default: true
  default_value: module
  description: Specify the plugin type, 'become', 'cache', 'callback', 'cliconf',
    'connection', 'filter', 'httpapi', 'inventory', 'keyword', 'lookup', 'module',
    'netconf', 'role', 'shell', 'strategy', 'test' or 'vars'
  env_var: ANSIBLE_NAVIGATOR_PLUGIN_TYPE
  name: Plugin type
  settings_file_sample:
    ansible-navigator:
      ansible:
        doc:
          plugin:
            type: <------
  source: Defaults
  subcommands:
  - doc
  version_added: v1.0
- choices: []
  cli_parameters:
    long: --pull-arguments
    short: --pa
  current_settings_file: /workspace/scratch/dd1ed62d0423/repo/cheatsheets/ex457/v5/ansible-navigator.yml
  current_value: Not set
  default: true
  default_value: Not set
  description: Specify any additional parameters that should be added to the pull
    command when pulling an execution environment from a container registry. e.g.
    --pa='--tls-verify=false'
  env_var: ANSIBLE_NAVIGATOR_PULL_ARGUMENTS
  name: Pull arguments
  settings_file_sample:
    ansible-navigator:
      execution-environment:
        pull:
          arguments: <------
  source: Not set
  subcommands:
  - builder
  - collections
  - config
  - doc
  - exec
  - images
  - inventory
  - lint
  - replay
  - run
  - settings
  - welcome
  version_added: v2.0
- choices:
  - always
  - missing
  - never
  - tag
  cli_parameters:
    long: --pull-policy
    short: --pp
  current_settings_file: /workspace/scratch/dd1ed62d0423/repo/cheatsheets/ex457/v5/ansible-navigator.yml
  current_value: tag
  default: true
  default_value: tag
  description: Specify the image pull policy always:Always pull the image, missing:Pull
    if not locally available, never:Never pull the image, tag:if the image tag is
    'latest', always pull the image, otherwise pull if not locally available
  env_var: ANSIBLE_NAVIGATOR_PULL_POLICY
  name: Pull policy
  settings_file_sample:
    ansible-navigator:
      execution-environment:
        pull:
          policy: <------
  source: Defaults
  subcommands:
  - builder
  - collections
  - config
  - doc
  - exec
  - images
  - inventory
  - lint
  - replay
  - run
  - settings
  - welcome
  version_added: v1.0
- choices: []
  cli_parameters:
    long: --set-environment-variable
    short: --senv
  current_settings_file: /workspace/scratch/dd1ed62d0423/repo/cheatsheets/ex457/v5/ansible-navigator.yml
  current_value: Not set
  default: true
  default_value: Not set
  description: Specify an environment variable and a value to be set within the execution
    environment (--senv MY_VAR=42)
  env_var: ANSIBLE_NAVIGATOR_SET_ENVIRONMENT_VARIABLES
  name: Set environment variable
  settings_file_sample:
    ansible-navigator:
      execution-environment:
        environment-variables:
          set: <------
  source: Not set
  subcommands:
  - builder
  - collections
  - config
  - doc
  - exec
  - images
  - inventory
  - lint
  - replay
  - run
  - settings
  - welcome
  version_added: v1.0
- choices: []
  cli_parameters:
    long: --effective
    short: --se
  current_settings_file: /workspace/scratch/dd1ed62d0423/repo/cheatsheets/ex457/v5/ansible-navigator.yml
  current_value: false
  default: true
  default_value: false
  description: Show the effective settings. Defaults, CLI parameters, environment
    variables, and the settings file will be combined
  env_var: ANSIBLE_NAVIGATOR_SETTINGS_EFFECTIVE
  name: Settings effective
  settings_file_sample:
    ansible-navigator:
      settings:
        effective: <------
  source: Defaults
  subcommands:
  - settings
  version_added: v2.0
- choices: []
  cli_parameters:
    long: --sample
    short: --gs
  current_settings_file: /workspace/scratch/dd1ed62d0423/repo/cheatsheets/ex457/v5/ansible-navigator.yml
  current_value: false
  default: true
  default_value: false
  description: Generate a sample settings file
  env_var: ANSIBLE_NAVIGATOR_SETTINGS_SAMPLE
  name: Settings sample
  settings_file_sample:
    ansible-navigator:
      settings:
        sample: <------
  source: Defaults
  subcommands:
  - settings
  version_added: v2.0
- choices:
  - json
  cli_parameters:
    long: --schema
    short: --ss
  current_settings_file: /workspace/scratch/dd1ed62d0423/repo/cheatsheets/ex457/v5/ansible-navigator.yml
  current_value: json
  default: true
  default_value: json
  description: Generate a schema for the settings file ('json'= draft-07 JSON Schema)
  env_var: ANSIBLE_NAVIGATOR_SETTINGS_SCHEMA
  name: Settings schema
  settings_file_sample:
    ansible-navigator:
      settings:
        schema: <------
  source: Defaults
  subcommands:
  - settings
  version_added: v2.0
- choices: []
  cli_parameters:
    long: --sources
    short: --so
  current_settings_file: /workspace/scratch/dd1ed62d0423/repo/cheatsheets/ex457/v5/ansible-navigator.yml
  current_value: false
  default: true
  default_value: false
  description: Show the source of each current settings entry
  env_var: ANSIBLE_NAVIGATOR_SETTINGS_SOURCES
  name: Settings sources
  settings_file_sample:
    ansible-navigator:
      settings:
        sources: <------
  source: Defaults
  subcommands:
  - settings
  version_added: v2.0
- choices: []
  cli_parameters:
    long: --time-zone
    short: --tz
  current_settings_file: /workspace/scratch/dd1ed62d0423/repo/cheatsheets/ex457/v5/ansible-navigator.yml
  current_value: Europe/Vienna
  default: false
  default_value: UTC
  description: Specify the IANA time zone to use or 'local' to use the system time
    zone
  env_var: TZ
  name: Time zone
  settings_file_sample:
    ansible-navigator:
      time-zone: <------
  source: Environment variable
  subcommands:
  - builder
  - collections
  - config
  - doc
  - exec
  - images
  - inventory
  - lint
  - replay
  - run
  - settings
  - welcome
  version_added: v2.0
- choices: []
  cli_parameters:
    long: --workdir
    short: --bwd
  current_settings_file: /workspace/scratch/dd1ed62d0423/repo/cheatsheets/ex457/v5/ansible-navigator.yml
  current_value: /workspace/scratch/dd1ed62d0423/repo/cheatsheets/ex457/v5
  default: true
  default_value: /workspace/scratch/dd1ed62d0423/repo/cheatsheets/ex457/v5
  description: Specify the path that contains ansible-builder manifest files
  env_var: ANSIBLE_NAVIGATOR_WORKDIR
  name: Workdir
  settings_file_sample:
    ansible-navigator:
      ansible-builder:
        workdir: <------
  source: Defaults
  subcommands:
  - builder
  version_added: v2.0

